
  .   ____          _            __ _ _
 /\\ / ___'_ __ _ _(_)_ __  __ _ \ \ \ \
( ( )\___ | '_ | '_| | '_ \/ _` | \ \ \ \
 \\/  ___)| |_)| | | | | || (_| |  ) ) ) )
  '  |____| .__|_| |_|_| |_\__, | / / / /
 =========|_|==============|___/=/_/_/_/

 :: Spring Boot ::               (v3.5.14)

2026-09-05T22:12:46.903+07:00  INFO 2544 --- [LifeSyncBackend] [           main] c.l.L.LifeSyncBackendApplication         : Starting LifeSyncBackendApplication v0.0.1-SNAPSHOT using Java 24.0.2 with PID 2544 (D:\LifeSync_Project\LifeSyncBackend\target\LifeSyncBackend-0.0.1-SNAPSHOT.jar started by USER in D:\LifeSync_Project\LifeSyncBackend)
2026-09-05T22:12:46.907+07:00  INFO 2544 --- [LifeSyncBackend] [           main] c.l.L.LifeSyncBackendApplication         : No active profile set, falling back to 1 default profile: "default"
2026-09-05T22:12:48.040+07:00  INFO 2544 --- [LifeSyncBackend] [           main] .s.d.r.c.RepositoryConfigurationDelegate : Bootstrapping Spring Data JPA repositories in DEFAULT mode.
2026-09-05T22:12:48.144+07:00  INFO 2544 --- [LifeSyncBackend] [           main] .s.d.r.c.RepositoryConfigurationDelegate : Finished Spring Data repository scanning in 94 ms. Found 20 JPA repository interfaces.
2026-09-05T22:12:49.000+07:00  INFO 2544 --- [LifeSyncBackend] [           main] o.s.b.w.embedded.tomcat.TomcatWebServer  : Tomcat initialized with port 8085 (http)
2026-09-05T22:12:49.029+07:00  INFO 2544 --- [LifeSyncBackend] [           main] o.apache.catalina.core.StandardService   : Starting service [Tomcat]
2026-09-05T22:12:49.030+07:00  INFO 2544 --- [LifeSyncBackend] [           main] o.apache.catalina.core.StandardEngine    : Starting Servlet engine: [Apache Tomcat/10.1.54]
2026-09-05T22:12:49.064+07:00  INFO 2544 --- [LifeSyncBackend] [           main] o.a.c.c.C.[Tomcat].[localhost].[/]       : Initializing Spring embedded WebApplicationContext
2026-09-05T22:12:49.065+07:00  INFO 2544 --- [LifeSyncBackend] [           main] w.s.c.ServletWebServerApplicationContext : Root WebApplicationContext: initialization completed in 2107 ms
2026-09-05T22:12:49.312+07:00  INFO 2544 --- [LifeSyncBackend] [           main] o.hibernate.jpa.internal.util.LogHelper  : HHH000204: Processing PersistenceUnitInfo [name: default]
2026-09-05T22:12:49.428+07:00  INFO 2544 --- [LifeSyncBackend] [           main] org.hibernate.Version                    : HHH000412: Hibernate ORM core version 6.6.49.Final
2026-09-05T22:12:49.469+07:00  INFO 2544 --- [LifeSyncBackend] [           main] o.h.c.internal.RegionFactoryInitiator    : HHH000026: Second-level cache disabled
2026-09-05T22:12:49.726+07:00  INFO 2544 --- [LifeSyncBackend] [           main] o.s.o.j.p.SpringPersistenceUnitInfo      : No LoadTimeWeaver setup: ignoring JPA class transformer
2026-09-05T22:12:49.758+07:00  INFO 2544 --- [LifeSyncBackend] [           main] com.zaxxer.hikari.HikariDataSource       : HikariPool-1 - Starting...
2026-09-05T22:12:49.923+07:00  INFO 2544 --- [LifeSyncBackend] [           main] com.zaxxer.hikari.pool.HikariPool        : HikariPool-1 - Added connection org.postgresql.jdbc.PgConnection@4c8d45cf
2026-09-05T22:12:49.929+07:00  INFO 2544 --- [LifeSyncBackend] [           main] com.zaxxer.hikari.HikariDataSource       : HikariPool-1 - Start completed.
2026-09-05T22:12:49.971+07:00  WARN 2544 --- [LifeSyncBackend] [           main] org.hibernate.orm.deprecation            : HHH90000025: PostgreSQLDialect does not need to be specified explicitly using 'hibernate.dialect' (remove the property setting and it will be selected by default)
2026-09-05T22:12:49.989+07:00  INFO 2544 --- [LifeSyncBackend] [           main] org.hibernate.orm.connections.pooling    : HHH10001005: Database info:
	Database JDBC URL [Connecting through datasource 'HikariDataSource (HikariPool-1)']
	Database driver: undefined/unknown
	Database version: 18.4
	Autocommit mode: undefined/unknown
	Isolation level: undefined/unknown
	Minimum pool size: undefined/unknown
	Maximum pool size: undefined/unknown
2026-09-05T22:12:51.133+07:00  INFO 2544 --- [LifeSyncBackend] [           main] o.h.e.t.j.p.i.JtaPlatformInitiator       : HHH000489: No JTA platform available (set 'hibernate.transaction.jta.platform' to enable JTA platform integration)
2026-09-05T22:12:51.238+07:00  INFO 2544 --- [LifeSyncBackend] [           main] j.LocalContainerEntityManagerFactoryBean : Initialized JPA EntityManagerFactory for persistence unit 'default'
2026-09-05T22:12:52.063+07:00  INFO 2544 --- [LifeSyncBackend] [           main] r$InitializeUserDetailsManagerConfigurer : Global AuthenticationManager configured with UserDetailsService bean with name customUserDetailsService
2026-09-05T22:12:52.176+07:00  WARN 2544 --- [LifeSyncBackend] [           main] JpaBaseConfiguration$JpaWebConfiguration : spring.jpa.open-in-view is enabled by default. Therefore, database queries may be performed during view rendering. Explicitly configure spring.jpa.open-in-view to disable this warning
2026-09-05T22:12:52.950+07:00  INFO 2544 --- [LifeSyncBackend] [           main] o.s.b.w.embedded.tomcat.TomcatWebServer  : Tomcat started on port 8085 (http) with context path '/'
2026-09-05T22:12:52.967+07:00  INFO 2544 --- [LifeSyncBackend] [           main] c.l.L.LifeSyncBackendApplication         : Started LifeSyncBackendApplication in 6.61 seconds (process running for 7.202)
