2026-09-15T09:09:29.570+07:00  INFO 24830 --- [main] c.l.L.LifeSyncBackendApplicationTests    : Starting LifeSyncBackendApplicationTests using Java 21.0.12.1 with PID 24830 (started by kokannsay in /mnt/New_Volume/AUB/Y3T1_doc/Copy Competition/LifeSync_Project/LifeSyncBackend)
2026-09-15T09:09:29.575+07:00  INFO 24830 --- [main] c.l.L.LifeSyncBackendApplicationTests    : No active profile set, falling back to 1 default profile: "default"
2026-09-15T09:09:32.097+07:00  INFO 24830 --- [main] .s.d.r.c.RepositoryConfigurationDelegate : Bootstrapping Spring Data JPA repositories in DEFAULT mode.
2026-09-15T09:09:32.560+07:00  INFO 24830 --- [main] .s.d.r.c.RepositoryConfigurationDelegate : Finished Spring Data repository scanning in 431 ms. Found 20 JPA repository interfaces.
2026-09-15T09:09:33.960+07:00  INFO 24830 --- [main] o.hibernate.jpa.internal.util.LogHelper  : HHH000204: Processing PersistenceUnitInfo [name: default]
2026-09-15T09:09:34.166+07:00  INFO 24830 --- [main] org.hibernate.Version                    : HHH000412: Hibernate ORM core version 6.6.49.Final
2026-09-15T09:09:34.270+07:00  INFO 24830 --- [main] o.h.c.internal.RegionFactoryInitiator    : HHH000026: Second-level cache disabled
2026-09-15T09:09:35.105+07:00  INFO 24830 --- [main] o.s.o.j.p.SpringPersistenceUnitInfo      : No LoadTimeWeaver setup: ignoring JPA class transformer
2026-09-15T09:09:35.232+07:00  INFO 24830 --- [main] com.zaxxer.hikari.HikariDataSource       : HikariPool-1 - Starting...
2026-09-15T09:09:35.753+07:00  INFO 24830 --- [main] com.zaxxer.hikari.pool.HikariPool        : HikariPool-1 - Added connection conn0: url=jdbc:h2:mem:lifesync-test user=SA
2026-09-15T09:09:35.757+07:00  INFO 24830 --- [main] com.zaxxer.hikari.HikariDataSource       : HikariPool-1 - Start completed.
2026-09-15T09:09:35.942+07:00  INFO 24830 --- [main] org.hibernate.orm.connections.pooling    : HHH10001005: Database info:
	Database JDBC URL [Connecting through datasource 'HikariDataSource (HikariPool-1)']
	Database driver: undefined/unknown
	Database version: 2.3.232
	Autocommit mode: undefined/unknown
	Isolation level: undefined/unknown
	Minimum pool size: undefined/unknown
	Maximum pool size: undefined/unknown
2026-09-15T09:09:38.914+07:00  INFO 24830 --- [main] o.h.e.t.j.p.i.JtaPlatformInitiator       : HHH000489: No JTA platform available (set 'hibernate.transaction.jta.platform' to enable JTA platform integration)
2026-09-15T09:09:39.095+07:00  INFO 24830 --- [main] j.LocalContainerEntityManagerFactoryBean : Initialized JPA EntityManagerFactory for persistence unit 'default'
2026-09-15T09:09:40.896+07:00  INFO 24830 --- [main] r$InitializeUserDetailsManagerConfigurer : Global AuthenticationManager configured with UserDetailsService bean with name customUserDetailsService
2026-09-15T09:09:41.188+07:00  WARN 24830 --- [main] JpaBaseConfiguration$JpaWebConfiguration : spring.jpa.open-in-view is enabled by default. Therefore, database queries may be performed during view rendering. Explicitly configure spring.jpa.open-in-view to disable this warning
2026-09-15T09:09:42.702+07:00  INFO 24830 --- [main] c.l.L.LifeSyncBackendApplicationTests    : Started LifeSyncBackendApplicationTests in 14.199 seconds (process running for 16.772)
2026-09-15T09:09:43.661+07:00  INFO 24830 --- [SpringApplicationShutdownHook] j.LocalContainerEntityManagerFactoryBean : Closing JPA EntityManagerFactory for persistence unit 'default'
2026-09-15T09:09:43.694+07:00  INFO 24830 --- [SpringApplicationShutdownHook] com.zaxxer.hikari.HikariDataSource       : HikariPool-1 - Shutdown initiated...
2026-09-15T09:09:43.698+07:00  INFO 24830 --- [SpringApplicationShutdownHook] com.zaxxer.hikari.HikariDataSource       : HikariPool-1 - Shutdown completed.
